#-----------------------------------------------------------
# Vivado v2023.1 (64-bit)
# SW Build 3865809 on Sun May  7 15:05:29 MDT 2023
# IP Build 3864474 on Sun May  7 20:36:21 MDT 2023
# SharedData Build 3865790 on Sun May 07 13:33:03 MDT 2023
# Start of session at: Fri Sep 15 10:20:13 2023
# Process ID: 12132
# Current directory: C:/Users/20963/Desktop/Grade3/Computer-Organization-Course-Design/FPGA
# Command line: vivado.exe -gui_launcher_event rodinguilauncherevent20004 C:\Users\20963\Desktop\Grade3\Computer-Organization-Course-Design\FPGA\project_1.xpr
# Log file: C:/Users/20963/Desktop/Grade3/Computer-Organization-Course-Design/FPGA/vivado.log
# Journal file: C:/Users/20963/Desktop/Grade3/Computer-Organization-Course-Design/FPGA\vivado.jou
# Running On: lxy, OS: Windows, CPU Frequency: 3194 MHz, CPU Physical cores: 16, Host memory: 16498 MB
#-----------------------------------------------------------
start_gui
open_project C:/Users/20963/Desktop/Grade3/Computer-Organization-Course-Design/FPGA/project_1.xpr
update_compile_order -fileset sources_1
reset_run synth_1
