#-----------------------------------------------------------
# Vivado v2023.1 (64-bit)
# SW Build 3865809 on Sun May  7 15:05:29 MDT 2023
# IP Build 3864474 on Sun May  7 20:36:21 MDT 2023
# SharedData Build 3865790 on Sun May 07 13:33:03 MDT 2023
# Start of session at: Fri Sep 15 11:26:44 2023
# Process ID: 1928
# Current directory: C:/Users/20963/Desktop/Grade3/Computer-Organization-Course-Design/CPU_Verilog
# Command line: vivado.exe -gui_launcher_event rodinguilauncherevent11276 C:\Users\20963\Desktop\Grade3\Computer-Organization-Course-Design\CPU_Verilog\project_1.xpr
# Log file: C:/Users/20963/Desktop/Grade3/Computer-Organization-Course-Design/CPU_Verilog/vivado.log
# Journal file: C:/Users/20963/Desktop/Grade3/Computer-Organization-Course-Design/CPU_Verilog\vivado.jou
# Running On: lxy, OS: Windows, CPU Frequency: 3194 MHz, CPU Physical cores: 16, Host memory: 16498 MB
#-----------------------------------------------------------
start_gui
open_project C:/Users/20963/Desktop/Grade3/Computer-Organization-Course-Design/CPU_Verilog/project_1.xpr
update_compile_order -fileset sources_1
reset_run synth_1
launch_runs impl_1 -to_step write_bitstream -jobs 8
wait_on_run impl_1
open_hw_manager
connect_hw_server -allow_non_jtag
open_hw_target
set_property PROGRAM.FILE {C:/Users/20963/Desktop/Grade3/Computer-Organization-Course-Design/CPU_Verilog/project_1.runs/impl_1/CPU_RISCV.bit} [get_hw_devices xc7a100t_0]
current_hw_device [get_hw_devices xc7a100t_0]
refresh_hw_device -update_hw_probes false [lindex [get_hw_devices xc7a100t_0] 0]
set_property PROBES.FILE {} [get_hw_devices xc7a100t_0]
set_property FULL_PROBES.FILE {} [get_hw_devices xc7a100t_0]
set_property PROGRAM.FILE {C:/Users/20963/Desktop/Grade3/Computer-Organization-Course-Design/CPU_Verilog/project_1.runs/impl_1/CPU_RISCV.bit} [get_hw_devices xc7a100t_0]
program_hw_devices [get_hw_devices xc7a100t_0]
refresh_hw_device [lindex [get_hw_devices xc7a100t_0] 0]
